\BOOKMARK [1][-]{section.1}{\376\377\170\024\172\166\200\314\146\157\116\016\166\356\150\007}{}% 1
\BOOKMARK [2][-]{subsection.1.1}{\376\377\170\024\172\166\133\371\214\141}{section.1}% 2
\BOOKMARK [2][-]{subsection.1.2}{\376\377\170\024\172\166\166\356\150\007}{section.1}% 3
\BOOKMARK [2][-]{subsection.1.3}{\376\377\140\073\117\123\142\200\147\057\215\357\176\277}{section.1}% 4
\BOOKMARK [1][-]{section.2}{\376\377\144\106\176\277\224\210\217\156\136\372\152\041\155\101\172\013}{}% 5
\BOOKMARK [2][-]{subsection.2.1}{\376\377\144\106\176\277\136\323\176\277\145\271\172\013}{section.2}% 6
\BOOKMARK [2][-]{subsection.2.2}{\376\377\173\111\137\047\225\177\221\315\221\307\150\067}{section.2}% 7
\BOOKMARK [2][-]{subsection.2.3}{\376\377\144\106\176\277\000-\224\210\122\027\143\245\211\346\143\002\217\175}{section.2}% 8
\BOOKMARK [1][-]{section.3}{\376\377\136\372\152\041\121\163\225\056\142\200\147\057\116\016\226\276\160\271}{}% 9
\BOOKMARK [2][-]{subsection.3.1}{\376\377\145\366\123\330\125\156\124\010\122\032\136\246\213\241\173\227}{section.3}% 10
\BOOKMARK [3][-]{subsubsection.3.1.1}{\376\377\237\177\117\123\137\057\146\362\122\032\136\246}{subsection.3.1}% 11
\BOOKMARK [3][-]{subsubsection.3.1.2}{\376\377\237\177\150\071\123\330\137\142}{subsection.3.1}% 12
\BOOKMARK [3][-]{subsubsection.3.1.3}{\376\377\000H\000e\000r\000t\000z\000\040\143\245\211\346\122\032\136\246}{subsection.3.1}% 13
\BOOKMARK [2][-]{subsection.3.2}{\376\377\232\330\145\110\143\245\211\346\144\034\175\042\173\126\165\145}{section.3}% 14
\BOOKMARK [2][-]{subsection.3.3}{\376\377\143\245\211\346\154\325\124\021\116\016\225\364\226\231\213\241\173\227}{section.3}% 15
\BOOKMARK [2][-]{subsection.3.4}{\376\377\237\177\134\026\143\242\224\210\126\336\220\000\150\300\155\113}{section.3}% 16
\BOOKMARK [2][-]{subsection.3.5}{\376\377\145\160\120\074\172\063\120\145\140\047\131\004\164\006}{section.3}% 17
\BOOKMARK [3][-]{subsubsection.3.5.1}{\376\377\143\245\211\346\122\233\143\007\145\160\117\356\153\143}{subsection.3.5}% 18
\BOOKMARK [3][-]{subsubsection.3.5.2}{\376\377\226\073\134\074\153\143\122\031\123\026}{subsection.3.5}% 19
\BOOKMARK [3][-]{subsubsection.3.5.3}{\376\377\144\151\144\346\122\233\153\143\122\031\123\026}{subsection.3.5}% 20
\BOOKMARK [1][-]{section.4}{\376\377\213\357\135\356\136\372\152\041\116\016\116\377\167\037\143\247\122\066\173\126\165\145}{}% 21
\BOOKMARK [2][-]{subsection.4.1}{\376\377\133\236\226\105\126\376\176\270\121\154\135\356\211\201\154\102\116\016\116\377\167\037\123\302\145\160\133\371\153\324}{section.4}% 22
\BOOKMARK [2][-]{subsection.4.2}{\376\377\146\362\147\304\217\164\121\340\117\125\213\357\135\356\166\204\145\160\133\146\136\372\152\041}{section.4}% 23
\BOOKMARK [3][-]{subsubsection.4.2.1}{\376\377\226\217\147\072\213\357\135\356\122\006\221\115\173\227\154\325}{subsection.4.2}% 24
\BOOKMARK [3][-]{subsubsection.4.2.2}{\376\377\227\136\164\006\140\363\127\120\150\007\123\330\143\142}{subsection.4.2}% 25
\BOOKMARK [2][-]{subsection.4.3}{\376\377\156\336\126\336\146\362\176\277\166\204\122\250\140\001\152\041\142\337\143\247\122\066}{section.4}% 26
\BOOKMARK [3][-]{subsubsection.4.3.1}{\376\377\116\224\226\066\153\265\142\155\167\351\122\240\217\175\136\217\122\027}{subsection.4.3}% 27
\BOOKMARK [2][-]{subsection.4.4}{\376\377\140\047\200\375\143\007\150\007\133\232\116\111}{section.4}% 28
\BOOKMARK [3][-]{subsubsection.4.4.1}{\376\377\142\155\217\154\122\032\136\246\000\040\000\050\000K\000T\000\051}{subsection.4.4}% 29
\BOOKMARK [3][-]{subsubsection.4.4.2}{\376\377\126\336\135\356\000\040\000/\000\040\172\172\172\013\000\040\000\050\000L\000o\000s\000t\000\040\000M\000o\000t\000i\000o\000n\000\051}{subsection.4.4}% 30
\BOOKMARK [3][-]{subsubsection.4.4.3}{\376\377\200\314\226\231\000\040\000\050\000B\000a\000c\000k\000l\000a\000s\000h\000\051}{subsection.4.4}% 31
\BOOKMARK [1][-]{section.5}{\376\377\201\352\133\232\116\111\143\245\211\346\121\375\145\160\213\346\211\343}{}% 32
\BOOKMARK [2][-]{subsection.5.1}{\376\377\000O\000b\000j\000e\000c\000t\000C\000o\000n\000t\000a\000c\000t\000C\000i\000r\000c\000l\000e\000C\000i\000r\000c\000l\000e\377\032\127\006\000-\127\006\177\132\137\017\143\245\211\346}{section.5}% 33
\BOOKMARK [3][-]{subsubsection.5.1.1}{\376\377\122\237\200\375\151\202\217\360}{subsection.5.1}% 34
\BOOKMARK [3][-]{subsubsection.5.1.2}{\376\377\121\340\117\125\116\016\225\364\226\231\133\232\116\111}{subsection.5.1}% 35
\BOOKMARK [3][-]{subsubsection.5.1.3}{\376\377\122\233\133\146\152\041\127\213}{subsection.5.1}% 36
\BOOKMARK [3][-]{subsubsection.5.1.4}{\376\377\145\160\143\156\202\202\160\271\176\323\147\204}{subsection.5.1}% 37
\BOOKMARK [2][-]{subsection.5.2}{\376\377\000O\000b\000j\000e\000c\000t\000C\000o\000n\000t\000a\000c\000t\000C\000u\000r\000v\000e\000C\000i\000r\000c\000l\000e\000s\377\032\146\362\176\277\000-\131\032\127\006\143\245\211\346}{section.5}% 38
\BOOKMARK [3][-]{subsubsection.5.2.1}{\376\377\122\237\200\375\151\202\217\360}{subsection.5.2}% 39
\BOOKMARK [3][-]{subsubsection.5.2.2}{\376\377\121\340\117\125\210\150\171\072}{subsection.5.2}% 40
\BOOKMARK [3][-]{subsubsection.5.2.3}{\376\377\143\245\211\346\144\034\175\042\173\227\154\325}{subsection.5.2}% 41
\BOOKMARK [3][-]{subsubsection.5.2.4}{\376\377\122\233\133\146\152\041\127\213}{subsection.5.2}% 42
\BOOKMARK [3][-]{subsubsection.5.2.5}{\376\377\145\160\143\156\202\202\160\271\176\323\147\204}{subsection.5.2}% 43
\BOOKMARK [3][-]{subsubsection.5.2.6}{\376\377\150\070\137\303\123\302\145\160\213\364\146\016}{subsection.5.2}% 44
\BOOKMARK [1][-]{section.6}{\376\377\174\373\176\337\122\250\122\233\133\146\154\102\211\343}{}% 45
\BOOKMARK [2][-]{subsection.6.1}{\376\377\217\320\122\250\145\271\172\013}{section.6}% 46
\BOOKMARK [2][-]{subsection.6.2}{\376\377\143\245\211\346\122\233\210\305\221\115\155\101\172\013}{section.6}% 47
\BOOKMARK [2][-]{subsection.6.3}{\376\377\145\366\225\364\171\357\122\006\126\150}{section.6}% 48
\BOOKMARK [2][-]{subsection.6.4}{\376\377\116\015\217\336\176\355\140\047\131\004\164\006}{section.6}% 49
\BOOKMARK [1][-]{section.7}{\376\377\124\016\131\004\164\006\173\227\154\325\116\016\145\117\141\037\136\246\122\006\147\220}{}% 50
\BOOKMARK [2][-]{subsection.7.1}{\376\377\156\336\126\336\146\362\176\277\124\016\131\004\164\006\173\227\154\325}{section.7}% 51
\BOOKMARK [3][-]{subsubsection.7.1.1}{\376\377\145\160\143\156\156\005\155\027\116\016\156\336\126\336\146\362\176\277\150\041\153\143}{subsection.7.1}% 52
\BOOKMARK [3][-]{subsubsection.7.1.2}{\376\377\122\240\217\175\000/\123\170\217\175\146\362\176\277\122\006\171\273}{subsection.7.1}% 53
\BOOKMARK [3][-]{subsubsection.7.1.3}{\376\377\142\155\217\154\122\032\136\246\213\241\173\227}{subsection.7.1}% 54
\BOOKMARK [3][-]{subsubsection.7.1.4}{\376\377\172\172\172\013\377\010\000L\000o\000s\000t\000\040\000M\000o\000t\000i\000o\000n\377\011\213\241\173\227}{subsection.7.1}% 55
\BOOKMARK [3][-]{subsubsection.7.1.5}{\376\377\200\314\226\231\377\010\000B\000a\000c\000k\000l\000a\000s\000h\377\011\213\241\173\227}{subsection.7.1}% 56
\BOOKMARK [3][-]{subsubsection.7.1.6}{\376\377\131\032\135\345\117\134\117\115\177\156\176\337\213\241}{subsection.7.1}% 57
\BOOKMARK [2][-]{subsection.7.2}{\376\377\213\357\135\356\145\117\141\037\136\246\122\006\147\220\116\016\123\302\145\160\123\026\213\250\213\272}{section.7}% 58
\BOOKMARK [3][-]{subsubsection.7.2.1}{\376\377\145\117\141\037\140\047\122\006\147\220\145\271\154\325}{subsection.7.2}% 59
\BOOKMARK [3][-]{subsubsection.7.2.2}{\376\377\145\117\141\037\140\047\122\006\147\220\176\323\213\272}{subsection.7.2}% 60
\BOOKMARK [3][-]{subsubsection.7.2.3}{\376\377\116\377\167\037\176\323\147\234\133\371\153\324}{subsection.7.2}% 61
\BOOKMARK [3][-]{subsubsection.7.2.4}{\376\377\123\302\145\160\123\026\232\214\213\301}{subsection.7.2}% 62
\BOOKMARK [1][-]{section.8}{\376\377\176\323\213\272}{}% 63
\BOOKMARK [1][-]{appendix.A}{\376\377\173\046\123\367\210\150}{}% 64
